Archive member included to satisfy reference by file (symbol)

/usr/local/gcc-arm-none-eabi-5_3-2016q1/bin/../lib/gcc/arm-none-eabi/5.3.1/armv6-m/libgcc.a(_udivsi3.o)
                              _build/SEGGER_RTT_printf.o (__aeabi_uidiv)
/usr/local/gcc-arm-none-eabi-5_3-2016q1/bin/../lib/gcc/arm-none-eabi/5.3.1/armv6-m/libgcc.a(_dvmd_tls.o)
                              /usr/local/gcc-arm-none-eabi-5_3-2016q1/bin/../lib/gcc/arm-none-eabi/5.3.1/armv6-m/libgcc.a(_udivsi3.o) (__aeabi_idiv0)
/usr/local/gcc-arm-none-eabi-5_3-2016q1/bin/../lib/gcc/arm-none-eabi/5.3.1/../../../../arm-none-eabi/lib/armv6-m/libc.a(lib_a-exit.o)
                              /usr/local/gcc-arm-none-eabi-5_3-2016q1/bin/../lib/gcc/arm-none-eabi/5.3.1/../../../../arm-none-eabi/lib/armv6-m/crt0.o (exit)
/usr/local/gcc-arm-none-eabi-5_3-2016q1/bin/../lib/gcc/arm-none-eabi/5.3.1/../../../../arm-none-eabi/lib/armv6-m/libc.a(lib_a-impure.o)
                              /usr/local/gcc-arm-none-eabi-5_3-2016q1/bin/../lib/gcc/arm-none-eabi/5.3.1/../../../../arm-none-eabi/lib/armv6-m/libc.a(lib_a-exit.o) (_global_impure_ptr)
/usr/local/gcc-arm-none-eabi-5_3-2016q1/bin/../lib/gcc/arm-none-eabi/5.3.1/../../../../arm-none-eabi/lib/armv6-m/libc.a(lib_a-init.o)
                              /usr/local/gcc-arm-none-eabi-5_3-2016q1/bin/../lib/gcc/arm-none-eabi/5.3.1/../../../../arm-none-eabi/lib/armv6-m/crt0.o (__libc_init_array)
/usr/local/gcc-arm-none-eabi-5_3-2016q1/bin/../lib/gcc/arm-none-eabi/5.3.1/../../../../arm-none-eabi/lib/armv6-m/libc.a(lib_a-memcpy-stub.o)
                              _build/app_scheduler.o (memcpy)
/usr/local/gcc-arm-none-eabi-5_3-2016q1/bin/../lib/gcc/arm-none-eabi/5.3.1/../../../../arm-none-eabi/lib/armv6-m/libc.a(lib_a-memset.o)
                              /usr/local/gcc-arm-none-eabi-5_3-2016q1/bin/../lib/gcc/arm-none-eabi/5.3.1/../../../../arm-none-eabi/lib/armv6-m/crt0.o (memset)
/usr/local/gcc-arm-none-eabi-5_3-2016q1/bin/../lib/gcc/arm-none-eabi/5.3.1/../../../../arm-none-eabi/lib/armv6-m/libc.a(lib_a-__call_atexit.o)
                              /usr/local/gcc-arm-none-eabi-5_3-2016q1/bin/../lib/gcc/arm-none-eabi/5.3.1/../../../../arm-none-eabi/lib/armv6-m/libc.a(lib_a-exit.o) (__call_exitprocs)
/usr/local/gcc-arm-none-eabi-5_3-2016q1/bin/../lib/gcc/arm-none-eabi/5.3.1/../../../../arm-none-eabi/lib/armv6-m/libc.a(lib_a-atexit.o)
                              /usr/local/gcc-arm-none-eabi-5_3-2016q1/bin/../lib/gcc/arm-none-eabi/5.3.1/../../../../arm-none-eabi/lib/armv6-m/libc.a(lib_a-__call_atexit.o) (atexit)
/usr/local/gcc-arm-none-eabi-5_3-2016q1/bin/../lib/gcc/arm-none-eabi/5.3.1/../../../../arm-none-eabi/lib/armv6-m/libc.a(lib_a-fini.o)
                              /usr/local/gcc-arm-none-eabi-5_3-2016q1/bin/../lib/gcc/arm-none-eabi/5.3.1/../../../../arm-none-eabi/lib/armv6-m/libc.a(lib_a-__call_atexit.o) (__libc_fini_array)
/usr/local/gcc-arm-none-eabi-5_3-2016q1/bin/../lib/gcc/arm-none-eabi/5.3.1/../../../../arm-none-eabi/lib/armv6-m/libc.a(lib_a-__atexit.o)
                              /usr/local/gcc-arm-none-eabi-5_3-2016q1/bin/../lib/gcc/arm-none-eabi/5.3.1/../../../../arm-none-eabi/lib/armv6-m/libc.a(lib_a-atexit.o) (__register_exitproc)
/usr/local/gcc-arm-none-eabi-5_3-2016q1/bin/../lib/gcc/arm-none-eabi/5.3.1/../../../../arm-none-eabi/lib/armv6-m/libnosys.a(_exit.o)
                              /usr/local/gcc-arm-none-eabi-5_3-2016q1/bin/../lib/gcc/arm-none-eabi/5.3.1/../../../../arm-none-eabi/lib/armv6-m/libc.a(lib_a-exit.o) (_exit)

Allocating common symbols
Common symbol       size              file

m_app_gpiote_my_id  0x1               _build/main.o

Discarded input sections

 .group         0x0000000000000000        0x8 _build/main.o
 .group         0x0000000000000000        0x8 _build/main.o
 .group         0x0000000000000000        0x8 _build/main.o
 .group         0x0000000000000000        0x8 _build/main.o
 .group         0x0000000000000000        0x8 _build/main.o
 .group         0x0000000000000000        0x8 _build/main.o
 .group         0x0000000000000000        0x8 _build/main.o
 .group         0x0000000000000000        0x8 _build/main.o
 .group         0x0000000000000000        0x8 _build/main.o
 .group         0x0000000000000000        0x8 _build/main.o
 .group         0x0000000000000000        0x8 _build/main.o
 .group         0x0000000000000000        0x8 _build/main.o
 .group         0x0000000000000000        0x8 _build/main.o
 .group         0x0000000000000000        0x8 _build/main.o
 .group         0x0000000000000000        0x8 _build/main.o
 .group         0x0000000000000000        0x8 _build/main.o
 .group         0x0000000000000000        0x8 _build/main.o
 .group         0x0000000000000000        0x8 _build/main.o
 .group         0x0000000000000000        0x8 _build/main.o
 .group         0x0000000000000000        0x8 _build/main.o
 .group         0x0000000000000000        0x8 _build/main.o
 .group         0x0000000000000000        0x8 _build/main.o
 .group         0x0000000000000000        0x8 _build/spi_master.o
 .group         0x0000000000000000        0x8 _build/spi_master.o
 .group         0x0000000000000000        0x8 _build/spi_master.o
 .group         0x0000000000000000        0x8 _build/spi_master.o
 .group         0x0000000000000000        0x8 _build/spi_master.o
 .group         0x0000000000000000        0x8 _build/spi_master.o
 .group         0x0000000000000000        0x8 _build/spi_master.o
 .group         0x0000000000000000        0x8 _build/spi_master.o
 .group         0x0000000000000000        0x8 _build/spi_master.o
 .group         0x0000000000000000        0x8 _build/spi_master.o
 .group         0x0000000000000000        0x8 _build/spi_master.o
 .group         0x0000000000000000        0x8 _build/spi_master.o
 .group         0x0000000000000000        0x8 _build/spi_master.o
 .group         0x0000000000000000        0x8 _build/spi_master.o
 .group         0x0000000000000000        0x8 _build/spi_master.o
 .group         0x0000000000000000        0x8 _build/spi_master.o
 .group         0x0000000000000000        0x8 _build/spi_master.o
 .group         0x0000000000000000        0x8 _build/spi_master.o
 .group         0x0000000000000000        0x8 _build/spi_master.o
 .group         0x0000000000000000        0x8 _build/spi_master.o
 .group         0x0000000000000000        0x8 _build/spi_master.o
 .group         0x0000000000000000        0x8 _build/spi_master.o
 .group         0x0000000000000000        0x8 _build/spi_master.o
 .group         0x0000000000000000        0x8 _build/spi_master.o
 .group         0x0000000000000000        0x8 _build/spi_master.o
 .group         0x0000000000000000        0x8 _build/spi_master.o
 .group         0x0000000000000000        0x8 _build/spi_master.o
 .group         0x0000000000000000        0x8 _build/spi_master.o
 .group         0x0000000000000000        0x8 _build/spi_master.o
 .group         0x0000000000000000        0x8 _build/spi_master.o
 .debug_macro   0x0000000000000000      0x838 _build/spi_master.o
 .debug_macro   0x0000000000000000       0x22 _build/spi_master.o
 .debug_macro   0x0000000000000000       0x87 _build/spi_master.o
 .debug_macro   0x0000000000000000       0x44 _build/spi_master.o
 .debug_macro   0x0000000000000000       0xfd _build/spi_master.o
 .debug_macro   0x0000000000000000       0x22 _build/spi_master.o
 .debug_macro   0x0000000000000000      0x1df _build/spi_master.o
 .debug_macro   0x0000000000000000       0x22 _build/spi_master.o
 .debug_macro   0x0000000000000000       0x8e _build/spi_master.o
 .debug_macro   0x0000000000000000       0x16 _build/spi_master.o
 .debug_macro   0x0000000000000000       0x22 _build/spi_master.o
 .debug_macro   0x0000000000000000       0x3a _build/spi_master.o
 .debug_macro   0x0000000000000000       0x1f _build/spi_master.o
 .debug_macro   0x0000000000000000      0x242 _build/spi_master.o
 .debug_macro   0x0000000000000000      0x1d2 _build/spi_master.o
 .debug_macro   0x0000000000000000     0x746b _build/spi_master.o
 .group         0x0000000000000000        0x8 _build/nrf_delay.o
 .group         0x0000000000000000        0x8 _build/nrf_delay.o
 .group         0x0000000000000000        0x8 _build/nrf_delay.o
 .group         0x0000000000000000        0x8 _build/nrf_delay.o
 .group         0x0000000000000000        0x8 _build/nrf_delay.o
 .group         0x0000000000000000        0x8 _build/nrf_delay.o
 .group         0x0000000000000000        0x8 _build/nrf_delay.o
 .group         0x0000000000000000        0x8 _build/nrf_delay.o
 .group         0x0000000000000000        0x8 _build/nrf_delay.o
 .group         0x0000000000000000        0x8 _build/nrf_delay.o
 .group         0x0000000000000000        0x8 _build/nrf_delay.o
 .group         0x0000000000000000        0x8 _build/nrf_delay.o
 .group         0x0000000000000000        0x8 _build/nrf_delay.o
 .group         0x0000000000000000        0x8 _build/nrf_delay.o
 .group         0x0000000000000000        0x8 _build/nrf_delay.o
 .group         0x0000000000000000        0x8 _build/nrf_delay.o
 .group         0x0000000000000000        0x8 _build/nrf_delay.o
 .group         0x0000000000000000        0x8 _build/nrf_delay.o
 .group         0x0000000000000000        0x8 _build/nrf_delay.o
 .group         0x0000000000000000        0x8 _build/nrf_delay.o
 .group         0x0000000000000000        0x8 _build/nrf_delay.o
 .group         0x0000000000000000        0x8 _build/nrf_delay.o
 .group         0x0000000000000000        0x8 _build/nrf_delay.o
 .group         0x0000000000000000        0x8 _build/nrf_delay.o
 .group         0x0000000000000000        0x8 _build/nrf_delay.o
 .group         0x0000000000000000        0x8 _build/nrf_delay.o
 .group         0x0000000000000000        0x8 _build/nrf_delay.o
 .group         0x0000000000000000        0x8 _build/nrf_delay.o
 .group         0x0000000000000000        0x8 _build/nrf_delay.o
 .group         0x0000000000000000        0x8 _build/nrf_delay.o
 .group         0x0000000000000000        0x8 _build/nrf_delay.o
 .group         0x0000000000000000        0x8 _build/nrf_delay.o
 .group         0x0000000000000000        0x8 _build/nrf_delay.o
 .group         0x0000000000000000        0x8 _build/nrf_delay.o
 .debug_macro   0x0000000000000000      0x838 _build/nrf_delay.o
 .debug_macro   0x0000000000000000       0x22 _build/nrf_delay.o
 .debug_macro   0x0000000000000000       0x35 _build/nrf_delay.o
 .debug_macro   0x0000000000000000       0x9c _build/nrf_delay.o
 .debug_macro   0x0000000000000000      0x330 _build/nrf_delay.o
 .debug_macro   0x0000000000000000       0x52 _build/nrf_delay.o
 .debug_macro   0x0000000000000000       0x16 _build/nrf_delay.o
 .debug_macro   0x0000000000000000       0x43 _build/nrf_delay.o
 .debug_macro   0x0000000000000000      0x187 _build/nrf_delay.o
 .debug_macro   0x0000000000000000       0x22 _build/nrf_delay.o
 .debug_macro   0x0000000000000000       0x22 _build/nrf_delay.o
 .debug_macro   0x0000000000000000       0x3a _build/nrf_delay.o
 .debug_macro   0x0000000000000000       0xfd _build/nrf_delay.o
 .debug_macro   0x0000000000000000      0x1df _build/nrf_delay.o
 .debug_macro   0x0000000000000000       0x1f _build/nrf_delay.o
 .debug_macro   0x0000000000000000      0x242 _build/nrf_delay.o
 .debug_macro   0x0000000000000000      0x1d2 _build/nrf_delay.o
 .debug_macro   0x0000000000000000     0x746b _build/nrf_delay.o
 .debug_macro   0x0000000000000000      0x976 _build/nrf_delay.o
 .group         0x0000000000000000        0x8 _build/nrf_soc.o
 .group         0x0000000000000000        0x8 _build/nrf_soc.o
 .group         0x0000000000000000        0x8 _build/nrf_soc.o
 .group         0x0000000000000000        0x8 _build/nrf_soc.o
 .group         0x0000000000000000        0x8 _build/nrf_soc.o
 .group         0x0000000000000000        0x8 _build/nrf_soc.o
 .group         0x0000000000000000        0x8 _build/nrf_soc.o
 .group         0x0000000000000000        0x8 _build/nrf_soc.o
 .group         0x0000000000000000        0x8 _build/nrf_soc.o
 .group         0x0000000000000000        0x8 _build/nrf_soc.o
 .group         0x0000000000000000        0x8 _build/nrf_soc.o
 .group         0x0000000000000000        0x8 _build/nrf_soc.o
 .group         0x0000000000000000        0x8 _build/nrf_soc.o
 .group         0x0000000000000000        0x8 _build/nrf_soc.o
 .group         0x0000000000000000        0x8 _build/nrf_soc.o
 .group         0x0000000000000000        0x8 _build/nrf_soc.o
 .group         0x0000000000000000        0x8 _build/nrf_soc.o
 .group         0x0000000000000000        0x8 _build/nrf_soc.o
 .group         0x0000000000000000        0x8 _build/nrf_soc.o
 .group         0x0000000000000000        0x8 _build/nrf_soc.o
 .group         0x0000000000000000        0x8 _build/nrf_soc.o
 .group         0x0000000000000000        0x8 _build/nrf_soc.o
 .group         0x0000000000000000        0x8 _build/nrf_soc.o
 .group         0x0000000000000000        0x8 _build/nrf_soc.o
 .group         0x0000000000000000        0x8 _build/nrf_soc.o
 .group         0x0000000000000000        0x8 _build/nrf_soc.o
 .debug_macro   0x0000000000000000      0x838 _build/nrf_soc.o
 .debug_macro   0x0000000000000000       0x22 _build/nrf_soc.o
 .debug_macro   0x0000000000000000       0x4c _build/nrf_soc.o
 .debug_macro   0x0000000000000000       0x8d _build/nrf_soc.o
 .debug_macro   0x0000000000000000       0x35 _build/nrf_soc.o
 .debug_macro   0x0000000000000000       0x9c _build/nrf_soc.o
 .debug_macro   0x0000000000000000       0x16 _build/nrf_soc.o
 .debug_macro   0x0000000000000000      0x10e _build/nrf_soc.o
 .debug_macro   0x0000000000000000       0x86 _build/nrf_soc.o
 .debug_macro   0x0000000000000000       0x4a _build/nrf_soc.o
 .debug_macro   0x0000000000000000       0x52 _build/nrf_soc.o
 .debug_macro   0x0000000000000000       0x16 _build/nrf_soc.o
 .debug_macro   0x0000000000000000       0x43 _build/nrf_soc.o
 .debug_macro   0x0000000000000000      0x187 _build/nrf_soc.o
 .debug_macro   0x0000000000000000      0x330 _build/nrf_soc.o
 .debug_macro   0x0000000000000000       0x16 _build/nrf_soc.o
 .debug_macro   0x0000000000000000       0x29 _build/nrf_soc.o
 .debug_macro   0x0000000000000000       0xfd _build/nrf_soc.o
 .debug_macro   0x0000000000000000       0x22 _build/nrf_soc.o
 .debug_macro   0x0000000000000000      0x1df _build/nrf_soc.o
 .debug_macro   0x0000000000000000       0x22 _build/nrf_soc.o
 .debug_macro   0x0000000000000000       0x3a _build/nrf_soc.o
 .debug_macro   0x0000000000000000       0x1f _build/nrf_soc.o
 .debug_macro   0x0000000000000000      0x242 _build/nrf_soc.o
 .debug_macro   0x0000000000000000      0x1d2 _build/nrf_soc.o
 .debug_macro   0x0000000000000000       0x8e _build/nrf_soc.o
 .group         0x0000000000000000        0x8 _build/app_gpiote.o
 .group         0x0000000000000000        0x8 _build/app_gpiote.o
 .group         0x0000000000000000        0x8 _build/app_gpiote.o
 .group         0x0000000000000000        0x8 _build/app_gpiote.o
 .group         0x0000000000000000        0x8 _build/app_gpiote.o
 .group         0x0000000000000000        0x8 _build/app_gpiote.o
 .group         0x0000000000000000        0x8 _build/app_gpiote.o
 .group         0x0000000000000000        0x8 _build/app_gpiote.o
 .group         0x0000000000000000        0x8 _build/app_gpiote.o
 .group         0x0000000000000000        0x8 _build/app_gpiote.o
 .group         0x0000000000000000        0x8 _build/app_gpiote.o
 .group         0x0000000000000000        0x8 _build/app_gpiote.o
 .group         0x0000000000000000        0x8 _build/app_gpiote.o
 .group         0x0000000000000000        0x8 _build/app_gpiote.o
 .group         0x0000000000000000        0x8 _build/app_gpiote.o
 .group         0x0000000000000000        0x8 _build/app_gpiote.o
 .group         0x0000000000000000        0x8 _build/app_gpiote.o
 .group         0x0000000000000000        0x8 _build/app_gpiote.o
 .group         0x0000000000000000        0x8 _build/app_gpiote.o
 .group         0x0000000000000000        0x8 _build/app_gpiote.o
 .group         0x0000000000000000        0x8 _build/app_gpiote.o
 .group         0x0000000000000000        0x8 _build/app_gpiote.o
 .group         0x0000000000000000        0x8 _build/app_gpiote.o
 .group         0x0000000000000000        0x8 _build/app_gpiote.o
 .group         0x0000000000000000        0x8 _build/app_gpiote.o
 .group         0x0000000000000000        0x8 _build/app_gpiote.o
 .group         0x0000000000000000        0x8 _build/app_gpiote.o
 .group         0x0000000000000000        0x8 _build/app_gpiote.o
 .group         0x0000000000000000        0x8 _build/app_gpiote.o
 .group         0x0000000000000000        0x8 _build/app_gpiote.o
 .group         0x0000000000000000        0x8 _build/app_gpiote.o
 .group         0x0000000000000000        0x8 _build/app_gpiote.o
 .group         0x0000000000000000        0x8 _build/app_gpiote.o
 .group         0x0000000000000000        0x8 _build/app_gpiote.o
 .group         0x0000000000000000        0x8 _build/app_gpiote.o
 .group         0x0000000000000000        0x8 _build/app_gpiote.o
 .debug_macro   0x0000000000000000      0x838 _build/app_gpiote.o
 .debug_macro   0x0000000000000000       0x22 _build/app_gpiote.o
 .debug_macro   0x0000000000000000       0x87 _build/app_gpiote.o
 .debug_macro   0x0000000000000000       0x44 _build/app_gpiote.o
 .debug_macro   0x0000000000000000       0xfd _build/app_gpiote.o
 .debug_macro   0x0000000000000000       0x22 _build/app_gpiote.o
 .debug_macro   0x0000000000000000      0x1df _build/app_gpiote.o
 .debug_macro   0x0000000000000000       0x22 _build/app_gpiote.o
 .debug_macro   0x0000000000000000       0x22 _build/app_gpiote.o
 .debug_macro   0x0000000000000000       0x3a _build/app_gpiote.o
 .debug_macro   0x0000000000000000       0x1f _build/app_gpiote.o
 .debug_macro   0x0000000000000000      0x242 _build/app_gpiote.o
 .debug_macro   0x0000000000000000      0x1d2 _build/app_gpiote.o
 .debug_macro   0x0000000000000000     0x746b _build/app_gpiote.o
 .debug_macro   0x0000000000000000      0x976 _build/app_gpiote.o
 .debug_macro   0x0000000000000000       0x10 _build/app_gpiote.o
 .debug_macro   0x0000000000000000       0x8e _build/app_gpiote.o
 .debug_macro   0x0000000000000000       0x16 _build/app_gpiote.o
 .debug_macro   0x0000000000000000       0x22 _build/app_gpiote.o
 .debug_macro   0x0000000000000000       0x1c _build/app_gpiote.o
 .debug_macro   0x0000000000000000       0x52 _build/app_gpiote.o
 .debug_macro   0x0000000000000000       0x35 _build/app_gpiote.o
 .debug_macro   0x0000000000000000       0x9c _build/app_gpiote.o
 .debug_macro   0x0000000000000000       0x16 _build/app_gpiote.o
 .debug_macro   0x0000000000000000      0x10e _build/app_gpiote.o
 .debug_macro   0x0000000000000000       0x86 _build/app_gpiote.o
 .debug_macro   0x0000000000000000       0x52 _build/app_gpiote.o
 .debug_macro   0x0000000000000000       0x16 _build/app_gpiote.o
 .debug_macro   0x0000000000000000       0x43 _build/app_gpiote.o
 .debug_macro   0x0000000000000000      0x187 _build/app_gpiote.o
 .debug_macro   0x0000000000000000      0x330 _build/app_gpiote.o
 .debug_macro   0x0000000000000000       0x16 _build/app_gpiote.o
 .debug_macro   0x0000000000000000       0x29 _build/app_gpiote.o
 .group         0x0000000000000000        0x8 _build/app_timer.o
 .group         0x0000000000000000        0x8 _build/app_timer.o
 .group         0x0000000000000000        0x8 _build/app_timer.o
 .group         0x0000000000000000        0x8 _build/app_timer.o
 .group         0x0000000000000000        0x8 _build/app_timer.o
 .group         0x0000000000000000        0x8 _build/app_timer.o
 .group         0x0000000000000000        0x8 _build/app_timer.o
 .group         0x0000000000000000        0x8 _build/app_timer.o
 .group         0x0000000000000000        0x8 _build/app_timer.o
 .group         0x0000000000000000        0x8 _build/app_timer.o
 .group         0x0000000000000000        0x8 _build/app_timer.o
 .group         0x0000000000000000        0x8 _build/app_timer.o
 .group         0x0000000000000000        0x8 _build/app_timer.o
 .group         0x0000000000000000        0x8 _build/app_timer.o
 .group         0x0000000000000000        0x8 _build/app_timer.o
 .group         0x0000000000000000        0x8 _build/app_timer.o
 .group         0x0000000000000000        0x8 _build/app_timer.o
 .group         0x0000000000000000        0x8 _build/app_timer.o
 .group         0x0000000000000000        0x8 _build/app_timer.o
 .group         0x0000000000000000        0x8 _build/app_timer.o
 .group         0x0000000000000000        0x8 _build/app_timer.o
 .group         0x0000000000000000        0x8 _build/app_timer.o
 .group         0x0000000000000000        0x8 _build/app_timer.o
 .group         0x0000000000000000        0x8 _build/app_timer.o
 .group         0x0000000000000000        0x8 _build/app_timer.o
 .group         0x0000000000000000        0x8 _build/app_timer.o
 .group         0x0000000000000000        0x8 _build/app_timer.o
 .group         0x0000000000000000        0x8 _build/app_timer.o
 .group         0x0000000000000000        0x8 _build/app_timer.o
 .group         0x0000000000000000        0x8 _build/app_timer.o
 .group         0x0000000000000000        0x8 _build/app_timer.o
 .group         0x0000000000000000        0x8 _build/app_timer.o
 .group         0x0000000000000000        0x8 _build/app_timer.o
 .group         0x0000000000000000        0x8 _build/app_timer.o
 .group         0x0000000000000000        0x8 _build/app_timer.o
 .group         0x0000000000000000        0x8 _build/app_timer.o
 .group         0x0000000000000000        0x8 _build/app_timer.o
 .group         0x0000000000000000        0x8 _build/app_timer.o
 .group         0x0000000000000000        0x8 _build/app_timer.o
 .group         0x0000000000000000        0x8 _build/app_timer.o
 .group         0x0000000000000000        0x8 _build/app_timer.o
 .group         0x0000000000000000        0x8 _build/app_timer.o
 .group         0x0000000000000000        0x8 _build/app_timer.o
 .group         0x0000000000000000        0x8 _build/app_timer.o
 .group         0x0000000000000000        0x8 _build/app_timer.o
 .debug_macro   0x0000000000000000      0x838 _build/app_timer.o
 .debug_macro   0x0000000000000000       0x22 _build/app_timer.o
 .debug_macro   0x0000000000000000       0x87 _build/app_timer.o
 .debug_macro   0x0000000000000000       0x44 _build/app_timer.o
 .debug_macro   0x0000000000000000       0xfd _build/app_timer.o
 .debug_macro   0x0000000000000000       0x22 _build/app_timer.o
 .debug_macro   0x0000000000000000      0x1df _build/app_timer.o
 .debug_macro   0x0000000000000000       0x22 _build/app_timer.o
 .debug_macro   0x0000000000000000       0x52 _build/app_timer.o
 .debug_macro   0x0000000000000000       0x35 _build/app_timer.o
 .debug_macro   0x0000000000000000       0x9c _build/app_timer.o
 .debug_macro   0x0000000000000000       0x16 _build/app_timer.o
 .debug_macro   0x0000000000000000       0x97 _build/app_timer.o
 .debug_macro   0x0000000000000000      0x330 _build/app_timer.o
 .debug_macro   0x0000000000000000       0xf6 _build/app_timer.o
 .debug_macro   0x0000000000000000       0x10 _build/app_timer.o
 .debug_macro   0x0000000000000000       0x52 _build/app_timer.o
 .debug_macro   0x0000000000000000       0x16 _build/app_timer.o
 .debug_macro   0x0000000000000000       0x43 _build/app_timer.o
 .debug_macro   0x0000000000000000      0x187 _build/app_timer.o
 .debug_macro   0x0000000000000000       0x22 _build/app_timer.o
 .debug_macro   0x0000000000000000       0x3a _build/app_timer.o
 .debug_macro   0x0000000000000000       0x10 _build/app_timer.o
 .debug_macro   0x0000000000000000       0x40 _build/app_timer.o
 .debug_macro   0x0000000000000000       0x6c _build/app_timer.o
 .debug_macro   0x0000000000000000       0x16 _build/app_timer.o
 .debug_macro   0x0000000000000000      0x182 _build/app_timer.o
 .debug_macro   0x0000000000000000       0x8e _build/app_timer.o
 .debug_macro   0x0000000000000000       0x16 _build/app_timer.o
 .debug_macro   0x0000000000000000       0x1c _build/app_timer.o
 .debug_macro   0x0000000000000000       0x22 _build/app_timer.o
 .debug_macro   0x0000000000000000       0x16 _build/app_timer.o
 .debug_macro   0x0000000000000000       0x35 _build/app_timer.o
 .debug_macro   0x0000000000000000       0x16 _build/app_timer.o
 .debug_macro   0x0000000000000000       0x29 _build/app_timer.o
 .debug_macro   0x0000000000000000       0x22 _build/app_timer.o
 .debug_macro   0x0000000000000000       0x3a _build/app_timer.o
 .debug_macro   0x0000000000000000       0x1f _build/app_timer.o
 .debug_macro   0x0000000000000000      0x242 _build/app_timer.o
 .debug_macro   0x0000000000000000      0x1d2 _build/app_timer.o
 .debug_macro   0x0000000000000000     0x746b _build/app_timer.o
 .debug_macro   0x0000000000000000      0x976 _build/app_timer.o
 .group         0x0000000000000000        0x8 _build/app_scheduler.o
 .group         0x0000000000000000        0x8 _build/app_scheduler.o
 .group         0x0000000000000000        0x8 _build/app_scheduler.o
 .group         0x0000000000000000        0x8 _build/app_scheduler.o
 .group         0x0000000000000000        0x8 _build/app_scheduler.o
 .group         0x0000000000000000        0x8 _build/app_scheduler.o
 .group         0x0000000000000000        0x8 _build/app_scheduler.o
 .group         0x0000000000000000        0x8 _build/app_scheduler.o
 .group         0x0000000000000000        0x8 _build/app_scheduler.o
 .group         0x0000000000000000        0x8 _build/app_scheduler.o
 .group         0x0000000000000000        0x8 _build/app_scheduler.o
 .group         0x0000000000000000        0x8 _build/app_scheduler.o
 .group         0x0000000000000000        0x8 _build/app_scheduler.o
 .group         0x0000000000000000        0x8 _build/app_scheduler.o
 .group         0x0000000000000000        0x8 _build/app_scheduler.o
 .group         0x0000000000000000        0x8 _build/app_scheduler.o
 .group         0x0000000000000000        0x8 _build/app_scheduler.o
 .group         0x0000000000000000        0x8 _build/app_scheduler.o
 .group         0x0000000000000000        0x8 _build/app_scheduler.o
 .group         0x0000000000000000        0x8 _build/app_scheduler.o
 .group         0x0000000000000000        0x8 _build/app_scheduler.o
 .group         0x0000000000000000        0x8 _build/app_scheduler.o
 .group         0x0000000000000000        0x8 _build/app_scheduler.o
 .group         0x0000000000000000        0x8 _build/app_scheduler.o
 .group         0x0000000000000000        0x8 _build/app_scheduler.o
 .group         0x0000000000000000        0x8 _build/app_scheduler.o
 .group         0x0000000000000000        0x8 _build/app_scheduler.o
 .group         0x0000000000000000        0x8 _build/app_scheduler.o
 .group         0x0000000000000000        0x8 _build/app_scheduler.o
 .group         0x0000000000000000        0x8 _build/app_scheduler.o
 .group         0x0000000000000000        0x8 _build/app_scheduler.o
 .group         0x0000000000000000        0x8 _build/app_scheduler.o
 .group         0x0000000000000000        0x8 _build/app_scheduler.o
 .group         0x0000000000000000        0x8 _build/app_scheduler.o
 .group         0x0000000000000000        0x8 _build/app_scheduler.o
 .debug_macro   0x0000000000000000      0x838 _build/app_scheduler.o
 .debug_macro   0x0000000000000000       0x22 _build/app_scheduler.o
 .debug_macro   0x0000000000000000       0x87 _build/app_scheduler.o
 .debug_macro   0x0000000000000000       0x44 _build/app_scheduler.o
 .debug_macro   0x0000000000000000       0xfd _build/app_scheduler.o
 .debug_macro   0x0000000000000000       0x22 _build/app_scheduler.o
 .debug_macro   0x0000000000000000      0x1df _build/app_scheduler.o
 .debug_macro   0x0000000000000000       0x22 _build/app_scheduler.o
 .debug_macro   0x0000000000000000       0x8e _build/app_scheduler.o
 .debug_macro   0x0000000000000000       0x16 _build/app_scheduler.o
 .debug_macro   0x0000000000000000       0x52 _build/app_scheduler.o
 .debug_macro   0x0000000000000000       0x35 _build/app_scheduler.o
 .debug_macro   0x0000000000000000       0x9c _build/app_scheduler.o
 .debug_macro   0x0000000000000000       0x16 _build/app_scheduler.o
 .debug_macro   0x0000000000000000      0x10e _build/app_scheduler.o
 .debug_macro   0x0000000000000000       0x86 _build/app_scheduler.o
 .debug_macro   0x0000000000000000       0x52 _build/app_scheduler.o
 .debug_macro   0x0000000000000000       0x16 _build/app_scheduler.o
 .debug_macro   0x0000000000000000       0x43 _build/app_scheduler.o
 .debug_macro   0x0000000000000000      0x187 _build/app_scheduler.o
 .debug_macro   0x0000000000000000      0x330 _build/app_scheduler.o
 .debug_macro   0x0000000000000000       0x16 _build/app_scheduler.o
 .debug_macro   0x0000000000000000       0x29 _build/app_scheduler.o
 .debug_macro   0x0000000000000000       0x16 _build/app_scheduler.o
 .debug_macro   0x0000000000000000       0x35 _build/app_scheduler.o
 .debug_macro   0x0000000000000000       0x22 _build/app_scheduler.o
 .debug_macro   0x0000000000000000       0x3a _build/app_scheduler.o
 .debug_macro   0x0000000000000000       0x1f _build/app_scheduler.o
 .debug_macro   0x0000000000000000      0x242 _build/app_scheduler.o
 .debug_macro   0x0000000000000000      0x1d2 _build/app_scheduler.o
 .debug_macro   0x0000000000000000       0x10 _build/app_scheduler.o
 .debug_macro   0x0000000000000000       0x22 _build/app_scheduler.o
 .debug_macro   0x0000000000000000       0x22 _build/app_scheduler.o
 .group         0x0000000000000000        0x8 _build/SEGGER_RTT.o
 .group         0x0000000000000000        0x8 _build/SEGGER_RTT.o
 .group         0x0000000000000000        0x8 _build/SEGGER_RTT.o
 .group         0x0000000000000000        0x8 _build/SEGGER_RTT.o
 .group         0x0000000000000000        0x8 _build/SEGGER_RTT.o
 .group         0x0000000000000000        0x8 _build/SEGGER_RTT.o
 .group         0x0000000000000000        0x8 _build/SEGGER_RTT.o
 .group         0x0000000000000000        0x8 _build/SEGGER_RTT.o
 .group         0x0000000000000000        0x8 _build/SEGGER_RTT.o
 .group         0x0000000000000000        0x8 _build/SEGGER_RTT.o
 .group         0x0000000000000000        0x8 _build/SEGGER_RTT.o
 .group         0x0000000000000000        0x8 _build/SEGGER_RTT.o
 .group         0x0000000000000000        0x8 _build/SEGGER_RTT.o
 .group         0x0000000000000000        0x8 _build/SEGGER_RTT.o
 .group         0x0000000000000000        0x8 _build/SEGGER_RTT.o
 .group         0x0000000000000000        0x8 _build/SEGGER_RTT.o
 .group         0x0000000000000000        0x8 _build/SEGGER_RTT.o
 .debug_macro   0x0000000000000000      0x838 _build/SEGGER_RTT.o
 .debug_macro   0x0000000000000000       0xe8 _build/SEGGER_RTT.o
 .debug_macro   0x0000000000000000       0x22 _build/SEGGER_RTT.o
 .debug_macro   0x0000000000000000       0x4c _build/SEGGER_RTT.o
 .debug_macro   0x0000000000000000       0x8d _build/SEGGER_RTT.o
 .debug_macro   0x0000000000000000       0x35 _build/SEGGER_RTT.o
 .debug_macro   0x0000000000000000       0x9c _build/SEGGER_RTT.o
 .debug_macro   0x0000000000000000       0x4a _build/SEGGER_RTT.o
 .debug_macro   0x0000000000000000       0x52 _build/SEGGER_RTT.o
 .debug_macro   0x0000000000000000       0x16 _build/SEGGER_RTT.o
 .debug_macro   0x0000000000000000       0x43 _build/SEGGER_RTT.o
 .debug_macro   0x0000000000000000      0x187 _build/SEGGER_RTT.o
 .debug_macro   0x0000000000000000      0x330 _build/SEGGER_RTT.o
 .debug_macro   0x0000000000000000       0x35 _build/SEGGER_RTT.o
 .group         0x0000000000000000        0x8 _build/SEGGER_RTT_printf.o
 .group         0x0000000000000000        0x8 _build/SEGGER_RTT_printf.o
 .group         0x0000000000000000        0x8 _build/SEGGER_RTT_printf.o
 .group         0x0000000000000000        0x8 _build/SEGGER_RTT_printf.o
 .group         0x0000000000000000        0x8 _build/SEGGER_RTT_printf.o
 .group         0x0000000000000000        0x8 _build/SEGGER_RTT_printf.o
 .group         0x0000000000000000        0x8 _build/SEGGER_RTT_printf.o
 .group         0x0000000000000000        0x8 _build/SEGGER_RTT_printf.o
 .group         0x0000000000000000        0x8 _build/SEGGER_RTT_printf.o
 .group         0x0000000000000000        0x8 _build/SEGGER_RTT_printf.o
 .group         0x0000000000000000        0x8 _build/SEGGER_RTT_printf.o
 .group         0x0000000000000000        0x8 _build/SEGGER_RTT_printf.o
 .group         0x0000000000000000        0x8 _build/SEGGER_RTT_printf.o
 .group         0x0000000000000000        0x8 _build/SEGGER_RTT_printf.o
 .group         0x0000000000000000        0x8 _build/SEGGER_RTT_printf.o
 .group         0x0000000000000000        0x8 _build/SEGGER_RTT_printf.o
 .group         0x0000000000000000        0x8 _build/SEGGER_RTT_printf.o
 .group         0x0000000000000000        0x8 _build/SEGGER_RTT_printf.o
 .group         0x0000000000000000        0x8 _build/SEGGER_RTT_printf.o
 .group         0x0000000000000000        0x8 _build/SEGGER_RTT_printf.o
 .debug_macro   0x0000000000000000      0x838 _build/SEGGER_RTT_printf.o
 .debug_macro   0x0000000000000000       0xe8 _build/SEGGER_RTT_printf.o
 .debug_macro   0x0000000000000000       0x34 _build/SEGGER_RTT_printf.o
 .debug_macro   0x0000000000000000       0x22 _build/SEGGER_RTT_printf.o
 .debug_macro   0x0000000000000000       0x4c _build/SEGGER_RTT_printf.o
 .debug_macro   0x0000000000000000       0x8d _build/SEGGER_RTT_printf.o
 .debug_macro   0x0000000000000000       0x35 _build/SEGGER_RTT_printf.o
 .debug_macro   0x0000000000000000       0x9c _build/SEGGER_RTT_printf.o
 .debug_macro   0x0000000000000000       0x16 _build/SEGGER_RTT_printf.o
 .debug_macro   0x0000000000000000      0x10e _build/SEGGER_RTT_printf.o
 .debug_macro   0x0000000000000000       0x86 _build/SEGGER_RTT_printf.o
 .debug_macro   0x0000000000000000       0x4a _build/SEGGER_RTT_printf.o
 .debug_macro   0x0000000000000000       0x52 _build/SEGGER_RTT_printf.o
 .debug_macro   0x0000000000000000       0x16 _build/SEGGER_RTT_printf.o
 .debug_macro   0x0000000000000000       0x43 _build/SEGGER_RTT_printf.o
 .debug_macro   0x0000000000000000      0x187 _build/SEGGER_RTT_printf.o
 .debug_macro   0x0000000000000000      0x330 _build/SEGGER_RTT_printf.o
 .debug_macro   0x0000000000000000       0x16 _build/SEGGER_RTT_printf.o
 .debug_macro   0x0000000000000000       0x29 _build/SEGGER_RTT_printf.o
 .group         0x0000000000000000        0x8 _build/system_nrf51.o
 .group         0x0000000000000000        0x8 _build/system_nrf51.o
 .group         0x0000000000000000        0x8 _build/system_nrf51.o
 .group         0x0000000000000000        0x8 _build/system_nrf51.o
 .group         0x0000000000000000        0x8 _build/system_nrf51.o
 .group         0x0000000000000000        0x8 _build/system_nrf51.o
 .group         0x0000000000000000        0x8 _build/system_nrf51.o
 .group         0x0000000000000000        0x8 _build/system_nrf51.o
 .group         0x0000000000000000        0x8 _build/system_nrf51.o
 .group         0x0000000000000000        0x8 _build/system_nrf51.o
 .group         0x0000000000000000        0x8 _build/system_nrf51.o
 .group         0x0000000000000000        0x8 _build/system_nrf51.o
 .group         0x0000000000000000        0x8 _build/system_nrf51.o
 .group         0x0000000000000000        0x8 _build/system_nrf51.o
 .group         0x0000000000000000        0x8 _build/system_nrf51.o
 .group         0x0000000000000000        0x8 _build/system_nrf51.o
 .debug_macro   0x0000000000000000      0x838 _build/system_nrf51.o
 .debug_macro   0x0000000000000000       0x22 _build/system_nrf51.o
 .debug_macro   0x0000000000000000       0x87 _build/system_nrf51.o
 .debug_macro   0x0000000000000000       0x44 _build/system_nrf51.o
 .debug_macro   0x0000000000000000       0xfd _build/system_nrf51.o
 .debug_macro   0x0000000000000000       0x22 _build/system_nrf51.o
 .debug_macro   0x0000000000000000      0x1df _build/system_nrf51.o
 .debug_macro   0x0000000000000000       0x22 _build/system_nrf51.o
 .debug_macro   0x0000000000000000       0x22 _build/system_nrf51.o
 .debug_macro   0x0000000000000000       0x3a _build/system_nrf51.o
 .debug_macro   0x0000000000000000       0x1f _build/system_nrf51.o
 .debug_macro   0x0000000000000000      0x242 _build/system_nrf51.o
 .debug_macro   0x0000000000000000      0x1d2 _build/system_nrf51.o
 .debug_macro   0x0000000000000000     0x746b _build/system_nrf51.o
 .debug_macro   0x0000000000000000      0x976 _build/system_nrf51.o
 .debug_macro   0x0000000000000000       0x10 _build/system_nrf51.o

Memory Configuration

Name             Origin             Length             Attributes
FLASH            0x0000000000000000 0x0000000000040000 xr
RAM              0x0000000020000000 0x0000000000004000 xrw
*default*        0x0000000000000000 0xffffffffffffffff

Linker script and memory map

LOAD /usr/local/gcc-arm-none-eabi-5_3-2016q1/bin/../lib/gcc/arm-none-eabi/5.3.1/armv6-m/crti.o
LOAD /usr/local/gcc-arm-none-eabi-5_3-2016q1/bin/../lib/gcc/arm-none-eabi/5.3.1/armv6-m/crtbegin.o
LOAD /usr/local/gcc-arm-none-eabi-5_3-2016q1/bin/../lib/gcc/arm-none-eabi/5.3.1/../../../../arm-none-eabi/lib/armv6-m/crt0.o
LOAD _build/main.o
LOAD _build/spi_master.o
LOAD _build/nrf_delay.o
LOAD _build/nrf_soc.o
LOAD _build/app_gpiote.o
LOAD _build/app_timer.o
LOAD _build/app_scheduler.o
LOAD _build/SEGGER_RTT.o
LOAD _build/SEGGER_RTT_printf.o
LOAD _build/system_nrf51.o
LOAD _build/gcc_startup_nrf51.o
LOAD /usr/local/gcc-arm-none-eabi-5_3-2016q1/bin/../lib/gcc/arm-none-eabi/5.3.1/../../../../arm-none-eabi/lib/armv6-m/libm.a
START GROUP
LOAD /usr/local/gcc-arm-none-eabi-5_3-2016q1/bin/../lib/gcc/arm-none-eabi/5.3.1/armv6-m/libgcc.a
LOAD /usr/local/gcc-arm-none-eabi-5_3-2016q1/bin/../lib/gcc/arm-none-eabi/5.3.1/../../../../arm-none-eabi/lib/armv6-m/libc.a
END GROUP
LOAD /usr/local/gcc-arm-none-eabi-5_3-2016q1/bin/../lib/gcc/arm-none-eabi/5.3.1/armv6-m/crtend.o
LOAD /usr/local/gcc-arm-none-eabi-5_3-2016q1/bin/../lib/gcc/arm-none-eabi/5.3.1/armv6-m/crtn.o
START GROUP
LOAD /usr/local/gcc-arm-none-eabi-5_3-2016q1/bin/../lib/gcc/arm-none-eabi/5.3.1/armv6-m/libgcc.a
LOAD /usr/local/gcc-arm-none-eabi-5_3-2016q1/bin/../lib/gcc/arm-none-eabi/5.3.1/../../../../arm-none-eabi/lib/armv6-m/libc.a
LOAD /usr/local/gcc-arm-none-eabi-5_3-2016q1/bin/../lib/gcc/arm-none-eabi/5.3.1/../../../../arm-none-eabi/lib/armv6-m/libnosys.a
END GROUP

.text           0x0000000000000000     0x4520
 *(.Vectors)
 .Vectors       0x0000000000000000       0xc0 _build/gcc_startup_nrf51.o
                0x0000000000000000                __Vectors
 *(.text*)
 .text          0x00000000000000c0        0x0 /usr/local/gcc-arm-none-eabi-5_3-2016q1/bin/../lib/gcc/arm-none-eabi/5.3.1/armv6-m/crti.o
 .text          0x00000000000000c0       0x60 /usr/local/gcc-arm-none-eabi-5_3-2016q1/bin/../lib/gcc/arm-none-eabi/5.3.1/armv6-m/crtbegin.o
 .text          0x0000000000000120       0x78 /usr/local/gcc-arm-none-eabi-5_3-2016q1/bin/../lib/gcc/arm-none-eabi/5.3.1/../../../../arm-none-eabi/lib/armv6-m/crt0.o
                0x0000000000000120                _mainCRTStartup
                0x0000000000000120                _start
 .text          0x0000000000000198      0x174 _build/main.o
                0x00000000000001f4                app_error_handler
                0x000000000000020c                gpiote_event_handler
                0x00000000000002f4                main
 .text          0x000000000000030c      0xb08 _build/spi_master.o
                0x000000000000039c                SPI0_TWI0_IRQHandler
                0x00000000000008c4                spi_master_open
                0x0000000000000a98                spi_master_close
                0x0000000000000b88                spi_master_get_state
                0x0000000000000be0                spi_master_evt_handler_reg
                0x0000000000000c38                spi_master_send_recv
 .text          0x0000000000000e14       0x64 _build/nrf_delay.o
                0x0000000000000e4c                nrf_delay_ms
 .text          0x0000000000000e78      0x41c _build/nrf_soc.o
                0x00000000000010ec                sd_nvic_EnableIRQ
                0x0000000000001110                sd_nvic_DisableIRQ
                0x0000000000001134                sd_nvic_GetPendingIRQ
                0x0000000000001168                sd_nvic_SetPendingIRQ
                0x000000000000118c                sd_nvic_ClearPendingIRQ
                0x00000000000011b0                sd_nvic_SetPriority
                0x00000000000011e0                sd_nvic_GetPriority
                0x0000000000001218                sd_nvic_SystemReset
                0x0000000000001228                sd_nvic_critical_region_enter
                0x000000000000125c                sd_nvic_critical_region_exit
 .text          0x0000000000001294      0x748 _build/app_gpiote.o
                0x0000000000001498                GPIOTE_IRQHandler
                0x0000000000001640                app_gpiote_init
                0x00000000000016e4                app_gpiote_user_register
                0x00000000000017ac                app_gpiote_user_enable
                0x0000000000001900                app_gpiote_user_disable
                0x0000000000001978                app_gpiote_pins_state_get
 .text          0x00000000000019dc     0x1274 _build/app_timer.o
                0x0000000000002828                RTC1_IRQHandler
                0x0000000000002878                SWI0_IRQHandler
                0x0000000000002888                app_timer_init
                0x0000000000002a04                app_timer_create
                0x0000000000002af4                app_timer_start
                0x0000000000002b84                app_timer_stop
                0x0000000000002be4                app_timer_stop_all
                0x0000000000002c0c                app_timer_cnt_get
                0x0000000000002c28                app_timer_cnt_diff_compute
 .text          0x0000000000002c50      0x3f8 _build/app_scheduler.o
                0x0000000000002d58                app_sched_init
                0x0000000000002de8                app_sched_event_put
                0x0000000000003014                app_sched_execute
 .text          0x0000000000003048      0x6e0 _build/SEGGER_RTT.o
                0x000000000000308c                SEGGER_RTT_Read
                0x00000000000031d4                SEGGER_RTT_Write
                0x00000000000033f4                SEGGER_RTT_WriteString
                0x0000000000003420                SEGGER_RTT_GetKey
                0x0000000000003450                SEGGER_RTT_WaitKey
                0x0000000000003470                SEGGER_RTT_HasKey
                0x000000000000349c                SEGGER_RTT_ConfigUpBuffer
                0x000000000000354c                SEGGER_RTT_ConfigDownBuffer
                0x00000000000035fc                SEGGER_RTT_Init
                0x000000000000360c                SEGGER_RTT_SetTerminal
                0x0000000000003674                SEGGER_RTT_TerminalOut
 .text          0x0000000000003728      0x6b4 _build/SEGGER_RTT_printf.o
                0x0000000000003a50                SEGGER_RTT_vprintf
                0x0000000000003dac                SEGGER_RTT_printf
 .text          0x0000000000003ddc      0x124 _build/system_nrf51.o
                0x0000000000003ddc                SystemCoreClockUpdate
                0x0000000000003df4                SystemInit
 .text          0x0000000000003f00       0x54 _build/gcc_startup_nrf51.o
                0x0000000000003f00                Reset_Handler
                0x0000000000003f48                NMI_Handler
                0x0000000000003f4a                HardFault_Handler
                0x0000000000003f4c                SVC_Handler
                0x0000000000003f4e                PendSV_Handler
                0x0000000000003f50                SysTick_Handler
                0x0000000000003f52                TEMP_IRQHandler
                0x0000000000003f52                QDEC_IRQHandler
                0x0000000000003f52                UART0_IRQHandler
                0x0000000000003f52                SWI5_IRQHandler
                0x0000000000003f52                TIMER0_IRQHandler
                0x0000000000003f52                TIMER1_IRQHandler
                0x0000000000003f52                ECB_IRQHandler
                0x0000000000003f52                Default_Handler
                0x0000000000003f52                ADC_IRQHandler
                0x0000000000003f52                SWI3_IRQHandler
                0x0000000000003f52                CCM_AAR_IRQHandler
                0x0000000000003f52                WDT_IRQHandler
                0x0000000000003f52                SWI2_IRQHandler
                0x0000000000003f52                RNG_IRQHandler
                0x0000000000003f52                SPI1_TWI1_IRQHandler
                0x0000000000003f52                TIMER2_IRQHandler
                0x0000000000003f52                SWI1_IRQHandler
                0x0000000000003f52                RTC0_IRQHandler
                0x0000000000003f52                POWER_CLOCK_IRQHandler
                0x0000000000003f52                RADIO_IRQHandler
                0x0000000000003f52                LPCOMP_IRQHandler
                0x0000000000003f52                SWI4_IRQHandler
 .text          0x0000000000003f54      0x114 /usr/local/gcc-arm-none-eabi-5_3-2016q1/bin/../lib/gcc/arm-none-eabi/5.3.1/armv6-m/libgcc.a(_udivsi3.o)
                0x0000000000003f54                __udivsi3
                0x0000000000003f54                __aeabi_uidiv
                0x0000000000004060                __aeabi_uidivmod
 .text          0x0000000000004068        0x4 /usr/local/gcc-arm-none-eabi-5_3-2016q1/bin/../lib/gcc/arm-none-eabi/5.3.1/armv6-m/libgcc.a(_dvmd_tls.o)
                0x0000000000004068                __aeabi_ldiv0
                0x0000000000004068                __aeabi_idiv0
 .text          0x000000000000406c        0x0 /usr/local/gcc-arm-none-eabi-5_3-2016q1/bin/../lib/gcc/arm-none-eabi/5.3.1/../../../../arm-none-eabi/lib/armv6-m/libc.a(lib_a-exit.o)
 .text.exit     0x000000000000406c       0x20 /usr/local/gcc-arm-none-eabi-5_3-2016q1/bin/../lib/gcc/arm-none-eabi/5.3.1/../../../../arm-none-eabi/lib/armv6-m/libc.a(lib_a-exit.o)
                0x000000000000406c                exit
 .text          0x000000000000408c        0x0 /usr/local/gcc-arm-none-eabi-5_3-2016q1/bin/../lib/gcc/arm-none-eabi/5.3.1/../../../../arm-none-eabi/lib/armv6-m/libc.a(lib_a-impure.o)
 .text          0x000000000000408c        0x0 /usr/local/gcc-arm-none-eabi-5_3-2016q1/bin/../lib/gcc/arm-none-eabi/5.3.1/../../../../arm-none-eabi/lib/armv6-m/libc.a(lib_a-init.o)
 .text.__libc_init_array
                0x000000000000408c       0x48 /usr/local/gcc-arm-none-eabi-5_3-2016q1/bin/../lib/gcc/arm-none-eabi/5.3.1/../../../../arm-none-eabi/lib/armv6-m/libc.a(lib_a-init.o)
                0x000000000000408c                __libc_init_array
 .text          0x00000000000040d4        0x0 /usr/local/gcc-arm-none-eabi-5_3-2016q1/bin/../lib/gcc/arm-none-eabi/5.3.1/../../../../arm-none-eabi/lib/armv6-m/libc.a(lib_a-memcpy-stub.o)
 .text.memcpy   0x00000000000040d4       0x7c /usr/local/gcc-arm-none-eabi-5_3-2016q1/bin/../lib/gcc/arm-none-eabi/5.3.1/../../../../arm-none-eabi/lib/armv6-m/libc.a(lib_a-memcpy-stub.o)
                0x00000000000040d4                memcpy
 .text          0x0000000000004150        0x0 /usr/local/gcc-arm-none-eabi-5_3-2016q1/bin/../lib/gcc/arm-none-eabi/5.3.1/../../../../arm-none-eabi/lib/armv6-m/libc.a(lib_a-memset.o)
 .text.memset   0x0000000000004150       0x8c /usr/local/gcc-arm-none-eabi-5_3-2016q1/bin/../lib/gcc/arm-none-eabi/5.3.1/../../../../arm-none-eabi/lib/armv6-m/libc.a(lib_a-memset.o)
                0x0000000000004150                memset
 .text          0x00000000000041dc        0x0 /usr/local/gcc-arm-none-eabi-5_3-2016q1/bin/../lib/gcc/arm-none-eabi/5.3.1/../../../../arm-none-eabi/lib/armv6-m/libc.a(lib_a-__call_atexit.o)
 .text.startup.register_fini
                0x00000000000041dc       0x18 /usr/local/gcc-arm-none-eabi-5_3-2016q1/bin/../lib/gcc/arm-none-eabi/5.3.1/../../../../arm-none-eabi/lib/armv6-m/libc.a(lib_a-__call_atexit.o)
 .text.__call_exitprocs
                0x00000000000041f4       0xfc /usr/local/gcc-arm-none-eabi-5_3-2016q1/bin/../lib/gcc/arm-none-eabi/5.3.1/../../../../arm-none-eabi/lib/armv6-m/libc.a(lib_a-__call_atexit.o)
                0x00000000000041f4                __call_exitprocs
 .text          0x00000000000042f0        0x0 /usr/local/gcc-arm-none-eabi-5_3-2016q1/bin/../lib/gcc/arm-none-eabi/5.3.1/../../../../arm-none-eabi/lib/armv6-m/libc.a(lib_a-atexit.o)
 .text.atexit   0x00000000000042f0       0x10 /usr/local/gcc-arm-none-eabi-5_3-2016q1/bin/../lib/gcc/arm-none-eabi/5.3.1/../../../../arm-none-eabi/lib/armv6-m/libc.a(lib_a-atexit.o)
                0x00000000000042f0                atexit
 .text          0x0000000000004300        0x0 /usr/local/gcc-arm-none-eabi-5_3-2016q1/bin/../lib/gcc/arm-none-eabi/5.3.1/../../../../arm-none-eabi/lib/armv6-m/libc.a(lib_a-fini.o)
 .text.__libc_fini_array
                0x0000000000004300       0x34 /usr/local/gcc-arm-none-eabi-5_3-2016q1/bin/../lib/gcc/arm-none-eabi/5.3.1/../../../../arm-none-eabi/lib/armv6-m/libc.a(lib_a-fini.o)
                0x0000000000004300                __libc_fini_array
 .text          0x0000000000004334        0x0 /usr/local/gcc-arm-none-eabi-5_3-2016q1/bin/../lib/gcc/arm-none-eabi/5.3.1/../../../../arm-none-eabi/lib/armv6-m/libc.a(lib_a-__atexit.o)
 .text.__register_exitproc
                0x0000000000004334       0xd4 /usr/local/gcc-arm-none-eabi-5_3-2016q1/bin/../lib/gcc/arm-none-eabi/5.3.1/../../../../arm-none-eabi/lib/armv6-m/libc.a(lib_a-__atexit.o)
                0x0000000000004334                __register_exitproc
 .text          0x0000000000004408        0x0 /usr/local/gcc-arm-none-eabi-5_3-2016q1/bin/../lib/gcc/arm-none-eabi/5.3.1/armv6-m/crtend.o
 .text          0x0000000000004408        0x0 /usr/local/gcc-arm-none-eabi-5_3-2016q1/bin/../lib/gcc/arm-none-eabi/5.3.1/armv6-m/crtn.o
 .text          0x0000000000004408        0x0 /usr/local/gcc-arm-none-eabi-5_3-2016q1/bin/../lib/gcc/arm-none-eabi/5.3.1/../../../../arm-none-eabi/lib/armv6-m/libnosys.a(_exit.o)
 .text._exit    0x0000000000004408        0x4 /usr/local/gcc-arm-none-eabi-5_3-2016q1/bin/../lib/gcc/arm-none-eabi/5.3.1/../../../../arm-none-eabi/lib/armv6-m/libnosys.a(_exit.o)
                0x0000000000004408                _exit
 *(.init)
 .init          0x000000000000440c        0x4 /usr/local/gcc-arm-none-eabi-5_3-2016q1/bin/../lib/gcc/arm-none-eabi/5.3.1/armv6-m/crti.o
                0x000000000000440c                _init
 .init          0x0000000000004410        0x8 /usr/local/gcc-arm-none-eabi-5_3-2016q1/bin/../lib/gcc/arm-none-eabi/5.3.1/armv6-m/crtn.o
 *(.fini)
 .fini          0x0000000000004418        0x4 /usr/local/gcc-arm-none-eabi-5_3-2016q1/bin/../lib/gcc/arm-none-eabi/5.3.1/armv6-m/crti.o
                0x0000000000004418                _fini
 .fini          0x000000000000441c        0x8 /usr/local/gcc-arm-none-eabi-5_3-2016q1/bin/../lib/gcc/arm-none-eabi/5.3.1/armv6-m/crtn.o
 *crtbegin.o(.ctors)
 *crtbegin?.o(.ctors)
 *(EXCLUDE_FILE(*crtend.o *crtend?.o) .ctors)
 *(SORT(.ctors.*))
 *(.ctors)
 *crtbegin.o(.dtors)
 *crtbegin?.o(.dtors)
 *(EXCLUDE_FILE(*crtend.o *crtend?.o) .dtors)
 *(SORT(.dtors.*))
 *(.dtors)
 *(.rodata*)
 .rodata        0x0000000000004424       0x49 _build/main.o
 *fill*         0x000000000000446d        0x3 
 .rodata        0x0000000000004470       0x2c _build/spi_master.o
 .rodata        0x000000000000449c       0x2b _build/app_timer.o
 *fill*         0x00000000000044c7        0x1 
 .rodata        0x00000000000044c8       0x2f _build/app_scheduler.o
 *fill*         0x00000000000044f7        0x1 
 .rodata        0x00000000000044f8        0x9 _build/SEGGER_RTT.o
 *fill*         0x0000000000004501        0x3 
 .rodata        0x0000000000004504       0x10 _build/SEGGER_RTT_printf.o
 .rodata.str1.4
                0x0000000000004514        0x4 /usr/local/gcc-arm-none-eabi-5_3-2016q1/bin/../lib/gcc/arm-none-eabi/5.3.1/../../../../arm-none-eabi/lib/armv6-m/libc.a(lib_a-impure.o)
                                          0x2 (size before relaxing)
 .rodata._global_impure_ptr
                0x0000000000004518        0x4 /usr/local/gcc-arm-none-eabi-5_3-2016q1/bin/../lib/gcc/arm-none-eabi/5.3.1/../../../../arm-none-eabi/lib/armv6-m/libc.a(lib_a-impure.o)
                0x0000000000004518                _global_impure_ptr
 *(.eh_frame*)
 .eh_frame      0x000000000000451c        0x0 /usr/local/gcc-arm-none-eabi-5_3-2016q1/bin/../lib/gcc/arm-none-eabi/5.3.1/armv6-m/crtbegin.o
 .eh_frame      0x000000000000451c        0x4 /usr/local/gcc-arm-none-eabi-5_3-2016q1/bin/../lib/gcc/arm-none-eabi/5.3.1/armv6-m/crtend.o

.glue_7         0x0000000000004520        0x0
 .glue_7        0x0000000000004520        0x0 linker stubs

.glue_7t        0x0000000000004520        0x0
 .glue_7t       0x0000000000004520        0x0 linker stubs

.vfp11_veneer   0x0000000000004520        0x0
 .vfp11_veneer  0x0000000000004520        0x0 linker stubs

.v4_bx          0x0000000000004520        0x0
 .v4_bx         0x0000000000004520        0x0 linker stubs

.iplt           0x0000000000004520        0x0
 .iplt          0x0000000000004520        0x0 /usr/local/gcc-arm-none-eabi-5_3-2016q1/bin/../lib/gcc/arm-none-eabi/5.3.1/armv6-m/crtbegin.o

.ARM.extab      0x0000000000004520        0x0
 *(.ARM.extab* .gnu.linkonce.armextab.*)
 .ARM.extab     0x0000000000004520        0x0 /usr/local/gcc-arm-none-eabi-5_3-2016q1/bin/../lib/gcc/arm-none-eabi/5.3.1/../../../../arm-none-eabi/lib/armv6-m/crt0.o
 .ARM.extab     0x0000000000004520        0x0 _build/gcc_startup_nrf51.o
                0x0000000000004520                __exidx_start = .

.ARM.exidx      0x0000000000004520        0x8
 *(.ARM.exidx* .gnu.linkonce.armexidx.*)
 .ARM.exidx     0x0000000000004520        0x8 /usr/local/gcc-arm-none-eabi-5_3-2016q1/bin/../lib/gcc/arm-none-eabi/5.3.1/../../../../arm-none-eabi/lib/armv6-m/crt0.o
 .ARM.exidx     0x0000000000004528        0x0 _build/gcc_startup_nrf51.o
                                          0x8 (size before relaxing)
                0x0000000000004528                __exidx_end = .
                0x0000000000004528                __etext = .

.rel.dyn        0x0000000000004528        0x0
 .rel.iplt      0x0000000000004528        0x0 /usr/local/gcc-arm-none-eabi-5_3-2016q1/bin/../lib/gcc/arm-none-eabi/5.3.1/armv6-m/crtbegin.o

.data           0x0000000020000000      0x4bc load address 0x0000000000004528
                0x0000000020000000                __data_start__ = .
 *(vtable)
 *(.data*)
 .data          0x0000000020000000        0x0 /usr/local/gcc-arm-none-eabi-5_3-2016q1/bin/../lib/gcc/arm-none-eabi/5.3.1/armv6-m/crti.o
 .data          0x0000000020000000        0x4 /usr/local/gcc-arm-none-eabi-5_3-2016q1/bin/../lib/gcc/arm-none-eabi/5.3.1/armv6-m/crtbegin.o
                0x0000000020000000                __dso_handle
 .data          0x0000000020000004        0x0 /usr/local/gcc-arm-none-eabi-5_3-2016q1/bin/../lib/gcc/arm-none-eabi/5.3.1/../../../../arm-none-eabi/lib/armv6-m/crt0.o
 .data          0x0000000020000004        0x0 _build/main.o
 .data          0x0000000020000004        0x0 _build/spi_master.o
 .data          0x0000000020000004        0x0 _build/nrf_delay.o
 .data          0x0000000020000004        0x0 _build/nrf_soc.o
 .data          0x0000000020000004        0x0 _build/app_gpiote.o
 .data          0x0000000020000004        0x0 _build/app_timer.o
 .data          0x0000000020000004        0x0 _build/app_scheduler.o
 .data          0x0000000020000004       0x78 _build/SEGGER_RTT.o
 .data          0x000000002000007c        0x0 _build/SEGGER_RTT_printf.o
 .data          0x000000002000007c        0x4 _build/system_nrf51.o
                0x000000002000007c                SystemCoreClock
 .data          0x0000000020000080        0x0 _build/gcc_startup_nrf51.o
 .data          0x0000000020000080        0x0 /usr/local/gcc-arm-none-eabi-5_3-2016q1/bin/../lib/gcc/arm-none-eabi/5.3.1/armv6-m/libgcc.a(_udivsi3.o)
 .data          0x0000000020000080        0x0 /usr/local/gcc-arm-none-eabi-5_3-2016q1/bin/../lib/gcc/arm-none-eabi/5.3.1/armv6-m/libgcc.a(_dvmd_tls.o)
 .data          0x0000000020000080        0x0 /usr/local/gcc-arm-none-eabi-5_3-2016q1/bin/../lib/gcc/arm-none-eabi/5.3.1/../../../../arm-none-eabi/lib/armv6-m/libc.a(lib_a-exit.o)
 .data          0x0000000020000080        0x0 /usr/local/gcc-arm-none-eabi-5_3-2016q1/bin/../lib/gcc/arm-none-eabi/5.3.1/../../../../arm-none-eabi/lib/armv6-m/libc.a(lib_a-impure.o)
 .data.impure_data
                0x0000000020000080      0x428 /usr/local/gcc-arm-none-eabi-5_3-2016q1/bin/../lib/gcc/arm-none-eabi/5.3.1/../../../../arm-none-eabi/lib/armv6-m/libc.a(lib_a-impure.o)
 .data._impure_ptr
                0x00000000200004a8        0x4 /usr/local/gcc-arm-none-eabi-5_3-2016q1/bin/../lib/gcc/arm-none-eabi/5.3.1/../../../../arm-none-eabi/lib/armv6-m/libc.a(lib_a-impure.o)
                0x00000000200004a8                _impure_ptr
 .data          0x00000000200004ac        0x0 /usr/local/gcc-arm-none-eabi-5_3-2016q1/bin/../lib/gcc/arm-none-eabi/5.3.1/../../../../arm-none-eabi/lib/armv6-m/libc.a(lib_a-init.o)
 .data          0x00000000200004ac        0x0 /usr/local/gcc-arm-none-eabi-5_3-2016q1/bin/../lib/gcc/arm-none-eabi/5.3.1/../../../../arm-none-eabi/lib/armv6-m/libc.a(lib_a-memcpy-stub.o)
 .data          0x00000000200004ac        0x0 /usr/local/gcc-arm-none-eabi-5_3-2016q1/bin/../lib/gcc/arm-none-eabi/5.3.1/../../../../arm-none-eabi/lib/armv6-m/libc.a(lib_a-memset.o)
 .data          0x00000000200004ac        0x0 /usr/local/gcc-arm-none-eabi-5_3-2016q1/bin/../lib/gcc/arm-none-eabi/5.3.1/../../../../arm-none-eabi/lib/armv6-m/libc.a(lib_a-__call_atexit.o)
 .data          0x00000000200004ac        0x0 /usr/local/gcc-arm-none-eabi-5_3-2016q1/bin/../lib/gcc/arm-none-eabi/5.3.1/../../../../arm-none-eabi/lib/armv6-m/libc.a(lib_a-atexit.o)
 .data          0x00000000200004ac        0x0 /usr/local/gcc-arm-none-eabi-5_3-2016q1/bin/../lib/gcc/arm-none-eabi/5.3.1/../../../../arm-none-eabi/lib/armv6-m/libc.a(lib_a-fini.o)
 .data          0x00000000200004ac        0x0 /usr/local/gcc-arm-none-eabi-5_3-2016q1/bin/../lib/gcc/arm-none-eabi/5.3.1/../../../../arm-none-eabi/lib/armv6-m/libc.a(lib_a-__atexit.o)
 .data          0x00000000200004ac        0x0 /usr/local/gcc-arm-none-eabi-5_3-2016q1/bin/../lib/gcc/arm-none-eabi/5.3.1/armv6-m/crtend.o
 .data          0x00000000200004ac        0x0 /usr/local/gcc-arm-none-eabi-5_3-2016q1/bin/../lib/gcc/arm-none-eabi/5.3.1/armv6-m/crtn.o
 .data          0x00000000200004ac        0x0 /usr/local/gcc-arm-none-eabi-5_3-2016q1/bin/../lib/gcc/arm-none-eabi/5.3.1/../../../../arm-none-eabi/lib/armv6-m/libnosys.a(_exit.o)
                0x00000000200004ac                . = ALIGN (0x4)
                0x00000000200004ac                PROVIDE (__preinit_array_start, .)
 *(.preinit_array)
                0x00000000200004ac                PROVIDE (__preinit_array_end, .)
                0x00000000200004ac                . = ALIGN (0x4)
                0x00000000200004ac                PROVIDE (__init_array_start, .)
 *(SORT(.init_array.*))
 .init_array.00000
                0x00000000200004ac        0x4 /usr/local/gcc-arm-none-eabi-5_3-2016q1/bin/../lib/gcc/arm-none-eabi/5.3.1/../../../../arm-none-eabi/lib/armv6-m/libc.a(lib_a-__call_atexit.o)
 *(.init_array)
 .init_array    0x00000000200004b0        0x4 /usr/local/gcc-arm-none-eabi-5_3-2016q1/bin/../lib/gcc/arm-none-eabi/5.3.1/armv6-m/crtbegin.o
                0x00000000200004b4                PROVIDE (__init_array_end, .)
                0x00000000200004b4                . = ALIGN (0x4)
                0x00000000200004b4                PROVIDE (__fini_array_start, .)
 *(SORT(.fini_array.*))
 *(.fini_array)
 .fini_array    0x00000000200004b4        0x4 /usr/local/gcc-arm-none-eabi-5_3-2016q1/bin/../lib/gcc/arm-none-eabi/5.3.1/armv6-m/crtbegin.o
                0x00000000200004b8                PROVIDE (__fini_array_end, .)
 *(.jcr)
 .jcr           0x00000000200004b8        0x0 /usr/local/gcc-arm-none-eabi-5_3-2016q1/bin/../lib/gcc/arm-none-eabi/5.3.1/armv6-m/crtbegin.o
 .jcr           0x00000000200004b8        0x4 /usr/local/gcc-arm-none-eabi-5_3-2016q1/bin/../lib/gcc/arm-none-eabi/5.3.1/armv6-m/crtend.o
                0x00000000200004bc                . = ALIGN (0x4)
                0x00000000200004bc                __data_end__ = .

.igot.plt       0x00000000200004bc        0x0 load address 0x00000000000049e4
 .igot.plt      0x00000000200004bc        0x0 /usr/local/gcc-arm-none-eabi-5_3-2016q1/bin/../lib/gcc/arm-none-eabi/5.3.1/armv6-m/crtbegin.o

.bss            0x00000000200004bc      0x4b8 load address 0x00000000000049e4
                0x00000000200004bc                . = ALIGN (0x4)
                0x00000000200004bc                __bss_start__ = .
 *(.bss*)
 .bss           0x00000000200004bc        0x0 /usr/local/gcc-arm-none-eabi-5_3-2016q1/bin/../lib/gcc/arm-none-eabi/5.3.1/armv6-m/crti.o
 .bss           0x00000000200004bc       0x1c /usr/local/gcc-arm-none-eabi-5_3-2016q1/bin/../lib/gcc/arm-none-eabi/5.3.1/armv6-m/crtbegin.o
 .bss           0x00000000200004d8        0x0 /usr/local/gcc-arm-none-eabi-5_3-2016q1/bin/../lib/gcc/arm-none-eabi/5.3.1/../../../../arm-none-eabi/lib/armv6-m/crt0.o
 .bss           0x00000000200004d8       0x14 _build/main.o
 .bss           0x00000000200004ec       0x28 _build/spi_master.o
 .bss           0x0000000020000514        0x0 _build/nrf_delay.o
 .bss           0x0000000020000514        0x1 _build/nrf_soc.o
 *fill*         0x0000000020000515        0x3 
 .bss           0x0000000020000518        0xc _build/app_gpiote.o
 .bss           0x0000000020000524       0x29 _build/app_timer.o
 *fill*         0x000000002000054d        0x3 
 .bss           0x0000000020000550        0xe _build/app_scheduler.o
 *fill*         0x000000002000055e        0x2 
 .bss           0x0000000020000560      0x411 _build/SEGGER_RTT.o
 .bss           0x0000000020000971        0x0 _build/SEGGER_RTT_printf.o
 .bss           0x0000000020000971        0x0 _build/system_nrf51.o
 .bss           0x0000000020000971        0x0 _build/gcc_startup_nrf51.o
 .bss           0x0000000020000971        0x0 /usr/local/gcc-arm-none-eabi-5_3-2016q1/bin/../lib/gcc/arm-none-eabi/5.3.1/armv6-m/libgcc.a(_udivsi3.o)
 .bss           0x0000000020000971        0x0 /usr/local/gcc-arm-none-eabi-5_3-2016q1/bin/../lib/gcc/arm-none-eabi/5.3.1/armv6-m/libgcc.a(_dvmd_tls.o)
 .bss           0x0000000020000971        0x0 /usr/local/gcc-arm-none-eabi-5_3-2016q1/bin/../lib/gcc/arm-none-eabi/5.3.1/../../../../arm-none-eabi/lib/armv6-m/libc.a(lib_a-exit.o)
 .bss           0x0000000020000971        0x0 /usr/local/gcc-arm-none-eabi-5_3-2016q1/bin/../lib/gcc/arm-none-eabi/5.3.1/../../../../arm-none-eabi/lib/armv6-m/libc.a(lib_a-impure.o)
 .bss           0x0000000020000971        0x0 /usr/local/gcc-arm-none-eabi-5_3-2016q1/bin/../lib/gcc/arm-none-eabi/5.3.1/../../../../arm-none-eabi/lib/armv6-m/libc.a(lib_a-init.o)
 .bss           0x0000000020000971        0x0 /usr/local/gcc-arm-none-eabi-5_3-2016q1/bin/../lib/gcc/arm-none-eabi/5.3.1/../../../../arm-none-eabi/lib/armv6-m/libc.a(lib_a-memcpy-stub.o)
 .bss           0x0000000020000971        0x0 /usr/local/gcc-arm-none-eabi-5_3-2016q1/bin/../lib/gcc/arm-none-eabi/5.3.1/../../../../arm-none-eabi/lib/armv6-m/libc.a(lib_a-memset.o)
 .bss           0x0000000020000971        0x0 /usr/local/gcc-arm-none-eabi-5_3-2016q1/bin/../lib/gcc/arm-none-eabi/5.3.1/../../../../arm-none-eabi/lib/armv6-m/libc.a(lib_a-__call_atexit.o)
 .bss           0x0000000020000971        0x0 /usr/local/gcc-arm-none-eabi-5_3-2016q1/bin/../lib/gcc/arm-none-eabi/5.3.1/../../../../arm-none-eabi/lib/armv6-m/libc.a(lib_a-atexit.o)
 .bss           0x0000000020000971        0x0 /usr/local/gcc-arm-none-eabi-5_3-2016q1/bin/../lib/gcc/arm-none-eabi/5.3.1/../../../../arm-none-eabi/lib/armv6-m/libc.a(lib_a-fini.o)
 .bss           0x0000000020000971        0x0 /usr/local/gcc-arm-none-eabi-5_3-2016q1/bin/../lib/gcc/arm-none-eabi/5.3.1/../../../../arm-none-eabi/lib/armv6-m/libc.a(lib_a-__atexit.o)
 .bss           0x0000000020000971        0x0 /usr/local/gcc-arm-none-eabi-5_3-2016q1/bin/../lib/gcc/arm-none-eabi/5.3.1/armv6-m/crtend.o
 .bss           0x0000000020000971        0x0 /usr/local/gcc-arm-none-eabi-5_3-2016q1/bin/../lib/gcc/arm-none-eabi/5.3.1/armv6-m/crtn.o
 .bss           0x0000000020000971        0x0 /usr/local/gcc-arm-none-eabi-5_3-2016q1/bin/../lib/gcc/arm-none-eabi/5.3.1/../../../../arm-none-eabi/lib/armv6-m/libnosys.a(_exit.o)
 *(COMMON)
 COMMON         0x0000000020000971        0x1 _build/main.o
                0x0000000020000971                m_app_gpiote_my_id
                0x0000000020000974                . = ALIGN (0x4)
 *fill*         0x0000000020000972        0x2 
                0x0000000020000974                __bss_end__ = .

.heap           0x0000000020000978      0x800
                0x0000000020000978                __end__ = .
                0x0000000020000978                end = __end__
 *(.heap*)
 .heap          0x0000000020000978      0x800 _build/gcc_startup_nrf51.o
                0x0000000020000978                __HeapBase
                0x0000000020001178                __HeapLimit = .

.stack_dummy    0x0000000020000978      0x800
 *(.stack*)
 .stack         0x0000000020000978      0x800 _build/gcc_startup_nrf51.o
                0x0000000020004000                __StackTop = (ORIGIN (RAM) + LENGTH (RAM))
                0x0000000020003800                __StackLimit = (__StackTop - SIZEOF (.stack_dummy))
                0x0000000020004000                PROVIDE (__stack, __StackTop)
                0x0000000000000001                ASSERT ((__StackLimit >= __HeapLimit), region RAM overflowed with stack)
OUTPUT(_build/GPIO_xxaa.out elf32-littlearm)

.ARM.attributes
                0x0000000000000000       0x28
 .ARM.attributes
                0x0000000000000000       0x1e /usr/local/gcc-arm-none-eabi-5_3-2016q1/bin/../lib/gcc/arm-none-eabi/5.3.1/armv6-m/crti.o
 .ARM.attributes
                0x000000000000001e       0x2c /usr/local/gcc-arm-none-eabi-5_3-2016q1/bin/../lib/gcc/arm-none-eabi/5.3.1/armv6-m/crtbegin.o
 .ARM.attributes
                0x000000000000004a       0x1b /usr/local/gcc-arm-none-eabi-5_3-2016q1/bin/../lib/gcc/arm-none-eabi/5.3.1/../../../../arm-none-eabi/lib/armv6-m/crt0.o
 .ARM.attributes
                0x0000000000000065       0x31 _build/main.o
 .ARM.attributes
                0x0000000000000096       0x31 _build/spi_master.o
 .ARM.attributes
                0x00000000000000c7       0x31 _build/nrf_delay.o
 .ARM.attributes
                0x00000000000000f8       0x31 _build/nrf_soc.o
 .ARM.attributes
                0x0000000000000129       0x31 _build/app_gpiote.o
 .ARM.attributes
                0x000000000000015a       0x31 _build/app_timer.o
 .ARM.attributes
                0x000000000000018b       0x31 _build/app_scheduler.o
 .ARM.attributes
                0x00000000000001bc       0x31 _build/SEGGER_RTT.o
 .ARM.attributes
                0x00000000000001ed       0x31 _build/SEGGER_RTT_printf.o
 .ARM.attributes
                0x000000000000021e       0x31 _build/system_nrf51.o
 .ARM.attributes
                0x000000000000024f       0x1b _build/gcc_startup_nrf51.o
 .ARM.attributes
                0x000000000000026a       0x1e /usr/local/gcc-arm-none-eabi-5_3-2016q1/bin/../lib/gcc/arm-none-eabi/5.3.1/armv6-m/libgcc.a(_udivsi3.o)
 .ARM.attributes
                0x0000000000000288       0x1e /usr/local/gcc-arm-none-eabi-5_3-2016q1/bin/../lib/gcc/arm-none-eabi/5.3.1/armv6-m/libgcc.a(_dvmd_tls.o)
 .ARM.attributes
                0x00000000000002a6       0x2c /usr/local/gcc-arm-none-eabi-5_3-2016q1/bin/../lib/gcc/arm-none-eabi/5.3.1/../../../../arm-none-eabi/lib/armv6-m/libc.a(lib_a-exit.o)
 .ARM.attributes
                0x00000000000002d2       0x2c /usr/local/gcc-arm-none-eabi-5_3-2016q1/bin/../lib/gcc/arm-none-eabi/5.3.1/../../../../arm-none-eabi/lib/armv6-m/libc.a(lib_a-impure.o)
 .ARM.attributes
                0x00000000000002fe       0x2c /usr/local/gcc-arm-none-eabi-5_3-2016q1/bin/../lib/gcc/arm-none-eabi/5.3.1/../../../../arm-none-eabi/lib/armv6-m/libc.a(lib_a-init.o)
 .ARM.attributes
                0x000000000000032a       0x2c /usr/local/gcc-arm-none-eabi-5_3-2016q1/bin/../lib/gcc/arm-none-eabi/5.3.1/../../../../arm-none-eabi/lib/armv6-m/libc.a(lib_a-memcpy-stub.o)
 .ARM.attributes
                0x0000000000000356       0x2c /usr/local/gcc-arm-none-eabi-5_3-2016q1/bin/../lib/gcc/arm-none-eabi/5.3.1/../../../../arm-none-eabi/lib/armv6-m/libc.a(lib_a-memset.o)
 .ARM.attributes
                0x0000000000000382       0x2c /usr/local/gcc-arm-none-eabi-5_3-2016q1/bin/../lib/gcc/arm-none-eabi/5.3.1/../../../../arm-none-eabi/lib/armv6-m/libc.a(lib_a-__call_atexit.o)
 .ARM.attributes
                0x00000000000003ae       0x2c /usr/local/gcc-arm-none-eabi-5_3-2016q1/bin/../lib/gcc/arm-none-eabi/5.3.1/../../../../arm-none-eabi/lib/armv6-m/libc.a(lib_a-atexit.o)
 .ARM.attributes
                0x00000000000003da       0x2c /usr/local/gcc-arm-none-eabi-5_3-2016q1/bin/../lib/gcc/arm-none-eabi/5.3.1/../../../../arm-none-eabi/lib/armv6-m/libc.a(lib_a-fini.o)
 .ARM.attributes
                0x0000000000000406       0x2c /usr/local/gcc-arm-none-eabi-5_3-2016q1/bin/../lib/gcc/arm-none-eabi/5.3.1/../../../../arm-none-eabi/lib/armv6-m/libc.a(lib_a-__atexit.o)
 .ARM.attributes
                0x0000000000000432       0x2c /usr/local/gcc-arm-none-eabi-5_3-2016q1/bin/../lib/gcc/arm-none-eabi/5.3.1/armv6-m/crtend.o
 .ARM.attributes
                0x000000000000045e       0x1e /usr/local/gcc-arm-none-eabi-5_3-2016q1/bin/../lib/gcc/arm-none-eabi/5.3.1/armv6-m/crtn.o
 .ARM.attributes
                0x000000000000047c       0x2c /usr/local/gcc-arm-none-eabi-5_3-2016q1/bin/../lib/gcc/arm-none-eabi/5.3.1/../../../../arm-none-eabi/lib/armv6-m/libnosys.a(_exit.o)

.comment        0x0000000000000000       0x6e
 .comment       0x0000000000000000       0x6e _build/main.o
                                         0x6f (size before relaxing)
 .comment       0x000000000000006e       0x6f _build/spi_master.o
 .comment       0x000000000000006e       0x6f _build/nrf_delay.o
 .comment       0x000000000000006e       0x6f _build/nrf_soc.o
 .comment       0x000000000000006e       0x6f _build/app_gpiote.o
 .comment       0x000000000000006e       0x6f _build/app_timer.o
 .comment       0x000000000000006e       0x6f _build/app_scheduler.o
 .comment       0x000000000000006e       0x6f _build/SEGGER_RTT.o
 .comment       0x000000000000006e       0x6f _build/SEGGER_RTT_printf.o
 .comment       0x000000000000006e       0x6f _build/system_nrf51.o

.debug_info     0x0000000000000000     0x497e
 .debug_info    0x0000000000000000      0x488 _build/main.o
 .debug_info    0x0000000000000488      0xdb7 _build/spi_master.o
 .debug_info    0x000000000000123f       0xdd _build/nrf_delay.o
 .debug_info    0x000000000000131c      0x689 _build/nrf_soc.o
 .debug_info    0x00000000000019a5      0x9d1 _build/app_gpiote.o
 .debug_info    0x0000000000002376     0x1348 _build/app_timer.o
 .debug_info    0x00000000000036be      0x73a _build/app_scheduler.o
 .debug_info    0x0000000000003df8      0x52c _build/SEGGER_RTT.o
 .debug_info    0x0000000000004324      0x3ed _build/SEGGER_RTT_printf.o
 .debug_info    0x0000000000004711      0x1b6 _build/system_nrf51.o
 .debug_info    0x00000000000048c7       0xb7 _build/gcc_startup_nrf51.o

.debug_abbrev   0x0000000000000000     0x11d1
 .debug_abbrev  0x0000000000000000      0x1c2 _build/main.o
 .debug_abbrev  0x00000000000001c2      0x1fb _build/spi_master.o
 .debug_abbrev  0x00000000000003bd       0x80 _build/nrf_delay.o
 .debug_abbrev  0x000000000000043d      0x1c5 _build/nrf_soc.o
 .debug_abbrev  0x0000000000000602      0x25a _build/app_gpiote.o
 .debug_abbrev  0x000000000000085c      0x333 _build/app_timer.o
 .debug_abbrev  0x0000000000000b8f      0x20c _build/app_scheduler.o
 .debug_abbrev  0x0000000000000d9b      0x1a9 _build/SEGGER_RTT.o
 .debug_abbrev  0x0000000000000f44      0x185 _build/SEGGER_RTT_printf.o
 .debug_abbrev  0x00000000000010c9       0xf4 _build/system_nrf51.o
 .debug_abbrev  0x00000000000011bd       0x14 _build/gcc_startup_nrf51.o

.debug_aranges  0x0000000000000000      0x160
 .debug_aranges
                0x0000000000000000       0x20 _build/main.o
 .debug_aranges
                0x0000000000000020       0x20 _build/spi_master.o
 .debug_aranges
                0x0000000000000040       0x20 _build/nrf_delay.o
 .debug_aranges
                0x0000000000000060       0x20 _build/nrf_soc.o
 .debug_aranges
                0x0000000000000080       0x20 _build/app_gpiote.o
 .debug_aranges
                0x00000000000000a0       0x20 _build/app_timer.o
 .debug_aranges
                0x00000000000000c0       0x20 _build/app_scheduler.o
 .debug_aranges
                0x00000000000000e0       0x20 _build/SEGGER_RTT.o
 .debug_aranges
                0x0000000000000100       0x20 _build/SEGGER_RTT_printf.o
 .debug_aranges
                0x0000000000000120       0x20 _build/system_nrf51.o
 .debug_aranges
                0x0000000000000140       0x20 _build/gcc_startup_nrf51.o

.debug_macro    0x0000000000000000     0xb264
 .debug_macro   0x0000000000000000      0x141 _build/main.o
 .debug_macro   0x0000000000000141      0x838 _build/main.o
 .debug_macro   0x0000000000000979       0x22 _build/main.o
 .debug_macro   0x000000000000099b       0xe8 _build/main.o
 .debug_macro   0x0000000000000a83       0x22 _build/main.o
 .debug_macro   0x0000000000000aa5       0x3a _build/main.o
 .debug_macro   0x0000000000000adf       0x22 _build/main.o
 .debug_macro   0x0000000000000b01       0x87 _build/main.o
 .debug_macro   0x0000000000000b88       0x44 _build/main.o
 .debug_macro   0x0000000000000bcc       0xfd _build/main.o
 .debug_macro   0x0000000000000cc9       0x22 _build/main.o
 .debug_macro   0x0000000000000ceb      0x1df _build/main.o
 .debug_macro   0x0000000000000eca       0x1f _build/main.o
 .debug_macro   0x0000000000000ee9      0x242 _build/main.o
 .debug_macro   0x000000000000112b      0x1d2 _build/main.o
 .debug_macro   0x00000000000012fd     0x746b _build/main.o
 .debug_macro   0x0000000000008768      0x976 _build/main.o
 .debug_macro   0x00000000000090de       0x10 _build/main.o
 .debug_macro   0x00000000000090ee       0x8e _build/main.o
 .debug_macro   0x000000000000917c       0x16 _build/main.o
 .debug_macro   0x0000000000009192       0x22 _build/main.o
 .debug_macro   0x00000000000091b4       0x1c _build/main.o
 .debug_macro   0x00000000000091d0       0x58 _build/main.o
 .debug_macro   0x0000000000009228      0x1c1 _build/spi_master.o
 .debug_macro   0x00000000000093e9       0x52 _build/spi_master.o
 .debug_macro   0x000000000000943b       0x35 _build/spi_master.o
 .debug_macro   0x0000000000009470       0x9c _build/spi_master.o
 .debug_macro   0x000000000000950c       0x16 _build/spi_master.o
 .debug_macro   0x0000000000009522      0x10e _build/spi_master.o
 .debug_macro   0x0000000000009630       0x86 _build/spi_master.o
 .debug_macro   0x00000000000096b6       0x52 _build/spi_master.o
 .debug_macro   0x0000000000009708       0x16 _build/spi_master.o
 .debug_macro   0x000000000000971e       0x43 _build/spi_master.o
 .debug_macro   0x0000000000009761      0x187 _build/spi_master.o
 .debug_macro   0x00000000000098e8      0x330 _build/spi_master.o
 .debug_macro   0x0000000000009c18       0x16 _build/spi_master.o
 .debug_macro   0x0000000000009c2e       0x29 _build/spi_master.o
 .debug_macro   0x0000000000009c57       0x16 _build/spi_master.o
 .debug_macro   0x0000000000009c6d      0x1fb _build/nrf_delay.o
 .debug_macro   0x0000000000009e68       0x4c _build/nrf_delay.o
 .debug_macro   0x0000000000009eb4       0x8d _build/nrf_delay.o
 .debug_macro   0x0000000000009f41       0x16 _build/nrf_delay.o
 .debug_macro   0x0000000000009f57       0x4a _build/nrf_delay.o
 .debug_macro   0x0000000000009fa1       0x97 _build/nrf_delay.o
 .debug_macro   0x000000000000a038       0xf6 _build/nrf_delay.o
 .debug_macro   0x000000000000a12e       0x10 _build/nrf_delay.o
 .debug_macro   0x000000000000a13e       0x22 _build/nrf_delay.o
 .debug_macro   0x000000000000a160       0x3a _build/nrf_delay.o
 .debug_macro   0x000000000000a19a       0x10 _build/nrf_delay.o
 .debug_macro   0x000000000000a1aa       0x40 _build/nrf_delay.o
 .debug_macro   0x000000000000a1ea       0x6c _build/nrf_delay.o
 .debug_macro   0x000000000000a256       0x16 _build/nrf_delay.o
 .debug_macro   0x000000000000a26c      0x182 _build/nrf_delay.o
 .debug_macro   0x000000000000a3ee       0x1c _build/nrf_delay.o
 .debug_macro   0x000000000000a40a      0x169 _build/nrf_soc.o
 .debug_macro   0x000000000000a573      0x20a _build/app_gpiote.o
 .debug_macro   0x000000000000a77d       0x16 _build/app_gpiote.o
 .debug_macro   0x000000000000a793       0x35 _build/app_gpiote.o
 .debug_macro   0x000000000000a7c8       0x22 _build/app_gpiote.o
 .debug_macro   0x000000000000a7ea      0x2d8 _build/app_timer.o
 .debug_macro   0x000000000000aac2       0x1c _build/app_timer.o
 .debug_macro   0x000000000000aade       0x41 _build/app_timer.o
 .debug_macro   0x000000000000ab1f       0x28 _build/app_timer.o
 .debug_macro   0x000000000000ab47      0x1ed _build/app_scheduler.o
 .debug_macro   0x000000000000ad34       0x16 _build/app_scheduler.o
 .debug_macro   0x000000000000ad4a       0x10 _build/app_scheduler.o
 .debug_macro   0x000000000000ad5a       0xfe _build/SEGGER_RTT.o
 .debug_macro   0x000000000000ae58       0x34 _build/SEGGER_RTT.o
 .debug_macro   0x000000000000ae8c      0x16d _build/SEGGER_RTT.o
 .debug_macro   0x000000000000aff9       0x10 _build/SEGGER_RTT.o
 .debug_macro   0x000000000000b009      0x124 _build/SEGGER_RTT_printf.o
 .debug_macro   0x000000000000b12d       0x58 _build/SEGGER_RTT_printf.o
 .debug_macro   0x000000000000b185       0xdf _build/system_nrf51.o

.debug_line     0x0000000000000000     0x2c26
 .debug_line    0x0000000000000000      0x3cd _build/main.o
 .debug_line    0x00000000000003cd      0x595 _build/spi_master.o
 .debug_line    0x0000000000000962      0x3b1 _build/nrf_delay.o
 .debug_line    0x0000000000000d13      0x3be _build/nrf_soc.o
 .debug_line    0x00000000000010d1      0x4e2 _build/app_gpiote.o
 .debug_line    0x00000000000015b3      0x742 _build/app_timer.o
 .debug_line    0x0000000000001cf5      0x4a2 _build/app_scheduler.o
 .debug_line    0x0000000000002197      0x354 _build/SEGGER_RTT.o
 .debug_line    0x00000000000024eb      0x3b5 _build/SEGGER_RTT_printf.o
 .debug_line    0x00000000000028a0      0x2f1 _build/system_nrf51.o
 .debug_line    0x0000000000002b91       0x95 _build/gcc_startup_nrf51.o

.debug_str      0x0000000000000000    0x35c70
 .debug_str     0x0000000000000000    0x2fb9a _build/main.o
                                      0x2fd31 (size before relaxing)
 .debug_str     0x000000000002fb9a     0x3318 _build/spi_master.o
                                      0x2f4d5 (size before relaxing)
 .debug_str     0x0000000000032eb2      0xf1d _build/nrf_delay.o
                                      0x3257e (size before relaxing)
 .debug_str     0x0000000000033dcf      0x225 _build/nrf_soc.o
                                       0x7cc0 (size before relaxing)
 .debug_str     0x0000000000033ff4      0x553 _build/app_gpiote.o
                                      0x3281a (size before relaxing)
 .debug_str     0x0000000000034547      0xe24 _build/app_timer.o
                                      0x34201 (size before relaxing)
 .debug_str     0x000000000003536b      0x24f _build/app_scheduler.o
                                       0x8614 (size before relaxing)
 .debug_str     0x00000000000355ba      0x33f _build/SEGGER_RTT.o
                                       0x5972 (size before relaxing)
 .debug_str     0x00000000000358f9      0x272 _build/SEGGER_RTT_printf.o
                                       0x5ae3 (size before relaxing)
 .debug_str     0x0000000000035b6b      0x105 _build/system_nrf51.o
                                      0x2edbd (size before relaxing)

.debug_frame    0x0000000000000000     0x1218
 .debug_frame   0x0000000000000000       0xc8 _build/main.o
 .debug_frame   0x00000000000000c8      0x234 _build/spi_master.o
 .debug_frame   0x00000000000002fc       0x50 _build/nrf_delay.o
 .debug_frame   0x000000000000034c      0x24c _build/nrf_soc.o
 .debug_frame   0x0000000000000598      0x194 _build/app_gpiote.o
 .debug_frame   0x000000000000072c      0x534 _build/app_timer.o
 .debug_frame   0x0000000000000c60      0x110 _build/app_scheduler.o
 .debug_frame   0x0000000000000d70      0x1a8 _build/SEGGER_RTT.o
 .debug_frame   0x0000000000000f18       0xb0 _build/SEGGER_RTT_printf.o
 .debug_frame   0x0000000000000fc8       0x80 _build/system_nrf51.o
 .debug_frame   0x0000000000001048       0x20 /usr/local/gcc-arm-none-eabi-5_3-2016q1/bin/../lib/gcc/arm-none-eabi/5.3.1/armv6-m/libgcc.a(_udivsi3.o)
 .debug_frame   0x0000000000001068       0x28 /usr/local/gcc-arm-none-eabi-5_3-2016q1/bin/../lib/gcc/arm-none-eabi/5.3.1/../../../../arm-none-eabi/lib/armv6-m/libc.a(lib_a-exit.o)
 .debug_frame   0x0000000000001090       0x2c /usr/local/gcc-arm-none-eabi-5_3-2016q1/bin/../lib/gcc/arm-none-eabi/5.3.1/../../../../arm-none-eabi/lib/armv6-m/libc.a(lib_a-init.o)
 .debug_frame   0x00000000000010bc       0x2c /usr/local/gcc-arm-none-eabi-5_3-2016q1/bin/../lib/gcc/arm-none-eabi/5.3.1/../../../../arm-none-eabi/lib/armv6-m/libc.a(lib_a-memcpy-stub.o)
 .debug_frame   0x00000000000010e8       0x2c /usr/local/gcc-arm-none-eabi-5_3-2016q1/bin/../lib/gcc/arm-none-eabi/5.3.1/../../../../arm-none-eabi/lib/armv6-m/libc.a(lib_a-memset.o)
 .debug_frame   0x0000000000001114       0x54 /usr/local/gcc-arm-none-eabi-5_3-2016q1/bin/../lib/gcc/arm-none-eabi/5.3.1/../../../../arm-none-eabi/lib/armv6-m/libc.a(lib_a-__call_atexit.o)
 .debug_frame   0x0000000000001168       0x28 /usr/local/gcc-arm-none-eabi-5_3-2016q1/bin/../lib/gcc/arm-none-eabi/5.3.1/../../../../arm-none-eabi/lib/armv6-m/libc.a(lib_a-atexit.o)
 .debug_frame   0x0000000000001190       0x2c /usr/local/gcc-arm-none-eabi-5_3-2016q1/bin/../lib/gcc/arm-none-eabi/5.3.1/../../../../arm-none-eabi/lib/armv6-m/libc.a(lib_a-fini.o)
 .debug_frame   0x00000000000011bc       0x3c /usr/local/gcc-arm-none-eabi-5_3-2016q1/bin/../lib/gcc/arm-none-eabi/5.3.1/../../../../arm-none-eabi/lib/armv6-m/libc.a(lib_a-__atexit.o)
 .debug_frame   0x00000000000011f8       0x20 /usr/local/gcc-arm-none-eabi-5_3-2016q1/bin/../lib/gcc/arm-none-eabi/5.3.1/../../../../arm-none-eabi/lib/armv6-m/libnosys.a(_exit.o)

.debug_ranges   0x0000000000000000       0x30
 .debug_ranges  0x0000000000000000       0x18 _build/app_timer.o
 .debug_ranges  0x0000000000000018       0x18 _build/SEGGER_RTT_printf.o
